stm32h7rsxx_hal_pwr_ex.c:281:19:HAL_PWREx_ConfigSupply	16	static
stm32h7rsxx_hal_pwr_ex.c:344:10:HAL_PWREx_GetSupplyConfig	0	static
stm32h7rsxx_hal_pwr_ex.c:365:19:HAL_PWREx_ControlVoltageScaling	16	static
stm32h7rsxx_hal_pwr_ex.c:395:10:HAL_PWREx_GetVoltageRange	0	static
stm32h7rsxx_hal_pwr_ex.c:411:19:HAL_PWREx_ControlStopModeVoltageScaling	0	static
stm32h7rsxx_hal_pwr_ex.c:426:10:HAL_PWREx_GetStopModeVoltageRange	0	static
stm32h7rsxx_hal_pwr_ex.c:486:6:HAL_PWREx_EnableFlashPowerDown	0	static
stm32h7rsxx_hal_pwr_ex.c:500:6:HAL_PWREx_DisableFlashPowerDown	0	static
stm32h7rsxx_hal_pwr_ex.c:513:6:HAL_PWREx_EnableWakeUpPin	16	static
stm32h7rsxx_hal_pwr_ex.c:550:6:HAL_PWREx_DisableWakeUpPin	0	static
stm32h7rsxx_hal_pwr_ex.c:571:10:HAL_PWREx_GetWakeupFlag	0	static
stm32h7rsxx_hal_pwr_ex.c:592:19:HAL_PWREx_ClearWakeupFlag	0	static
stm32h7rsxx_hal_pwr_ex.c:658:13:HAL_PWREx_WKUP1_Callback	0	static
stm32h7rsxx_hal_pwr_ex.c:669:13:HAL_PWREx_WKUP2_Callback	0	static
stm32h7rsxx_hal_pwr_ex.c:680:13:HAL_PWREx_WKUP3_Callback	0	static
stm32h7rsxx_hal_pwr_ex.c:691:13:HAL_PWREx_WKUP4_Callback	0	static
stm32h7rsxx_hal_pwr_ex.c:614:6:HAL_PWREx_WAKEUP_PIN_IRQHandler	8	static
stm32h7rsxx_hal_pwr_ex.c:778:19:HAL_PWREx_EnableBkUpReg	16	static
stm32h7rsxx_hal_pwr_ex.c:804:19:HAL_PWREx_DisableBkUpReg	16	static
stm32h7rsxx_hal_pwr_ex.c:830:6:HAL_PWREx_EnableUSBReg	0	static
stm32h7rsxx_hal_pwr_ex.c:840:6:HAL_PWREx_DisableUSBReg	0	static
stm32h7rsxx_hal_pwr_ex.c:850:19:HAL_PWREx_EnableUSBVoltageDetector	16	static
stm32h7rsxx_hal_pwr_ex.c:875:19:HAL_PWREx_DisableUSBVoltageDetector	16	static
stm32h7rsxx_hal_pwr_ex.c:901:6:HAL_PWREx_EnableUSBHSregulator	0	static
stm32h7rsxx_hal_pwr_ex.c:911:6:HAL_PWREx_DisableUSBHSregulator	0	static
stm32h7rsxx_hal_pwr_ex.c:922:6:HAL_PWREx_EnableUCPDStandbyMode	0	static
stm32h7rsxx_hal_pwr_ex.c:934:6:HAL_PWREx_DisableUCPDStandbyMode	0	static
stm32h7rsxx_hal_pwr_ex.c:943:6:HAL_PWREx_EnableUCPDDeadBattery	0	static
stm32h7rsxx_hal_pwr_ex.c:953:6:HAL_PWREx_DisableUCPDDeadBattery	0	static
stm32h7rsxx_hal_pwr_ex.c:970:6:HAL_PWREx_EnableBatteryCharging	0	static
stm32h7rsxx_hal_pwr_ex.c:984:6:HAL_PWREx_DisableBatteryCharging	0	static
stm32h7rsxx_hal_pwr_ex.c:997:6:HAL_PWREx_EnableAnalogBooster	0	static
stm32h7rsxx_hal_pwr_ex.c:1010:6:HAL_PWREx_DisableAnalogBooster	0	static
stm32h7rsxx_hal_pwr_ex.c:1025:6:HAL_PWREx_EnableXSPIM1	0	static
stm32h7rsxx_hal_pwr_ex.c:1034:6:HAL_PWREx_DisableXSPIM1	0	static
stm32h7rsxx_hal_pwr_ex.c:1045:6:HAL_PWREx_EnableXSPIM2	0	static
stm32h7rsxx_hal_pwr_ex.c:1054:6:HAL_PWREx_DisableXSPIM2	0	static
stm32h7rsxx_hal_pwr_ex.c:1073:6:HAL_PWREx_ConfigXSPIPortCap	0	static
stm32h7rsxx_hal_pwr_ex.c:1103:10:HAL_PWREx_GetConfigXSPIPortCap	0	static
stm32h7rsxx_hal_pwr_ex.c:1178:6:HAL_PWREx_EnableMonitoring	0	static
stm32h7rsxx_hal_pwr_ex.c:1188:6:HAL_PWREx_DisableMonitoring	0	static
stm32h7rsxx_hal_pwr_ex.c:1199:10:HAL_PWREx_GetTemperatureLevel	0	static
stm32h7rsxx_hal_pwr_ex.c:1231:10:HAL_PWREx_GetVBATLevel	0	static
stm32h7rsxx_hal_pwr_ex.c:1271:6:HAL_PWREx_ConfigAVD	0	static
stm32h7rsxx_hal_pwr_ex.c:1316:6:HAL_PWREx_EnableAVD	0	static
stm32h7rsxx_hal_pwr_ex.c:1326:6:HAL_PWREx_DisableAVD	0	static
stm32h7rsxx_hal_pwr_ex.c:1354:13:HAL_PWREx_PVD_AVD_Callback	0	static
stm32h7rsxx_hal_pwr_ex.c:1337:6:HAL_PWREx_PVD_AVD_IRQHandler	8	static
stm32h7rsxx_hal_pwr_ex.c:1401:6:HAL_PWREx_EnablePullUpPullDownConfig	0	static
stm32h7rsxx_hal_pwr_ex.c:1413:6:HAL_PWREx_DisablePullUpPullDownConfig	0	static
stm32h7rsxx_hal_pwr_ex.c:1434:19:HAL_PWREx_EnableGPIOPullUp	0	static
stm32h7rsxx_hal_pwr_ex.c:1472:19:HAL_PWREx_DisableGPIOPullUp	0	static
stm32h7rsxx_hal_pwr_ex.c:1513:19:HAL_PWREx_EnableGPIOPullDown	0	static
stm32h7rsxx_hal_pwr_ex.c:1555:19:HAL_PWREx_DisableGPIOPullDown	0	static
