stm32h7rsxx_hal_rcc.c:2096:17:RCC_PLL1_GetVCOOutputFreq	12	static
stm32h7rsxx_hal_rcc.c:2171:17:RCC_PLL2_GetVCOOutputFreq	12	static
stm32h7rsxx_hal_rcc.c:2246:17:RCC_PLL3_GetVCOOutputFreq	12	static
stm32h7rsxx_hal_rcc.c:1940:26:RCC_PLL_Config	32	static
stm32h7rsxx_hal_rcc.c:429:19:HAL_RCC_OscConfig	32	static
stm32h7rsxx_hal_rcc.c:1138:6:HAL_RCC_MCOConfig	48	static
stm32h7rsxx_hal_rcc.c:1200:6:HAL_RCC_EnableCSS	0	static
stm32h7rsxx_hal_rcc.c:1209:6:HAL_RCC_DisableCSS	0	static
stm32h7rsxx_hal_rcc.c:1248:10:HAL_RCC_GetSysClockFreq	8	static
stm32h7rsxx_hal_rcc.c:874:19:HAL_RCC_ClockConfig	24	static
stm32h7rsxx_hal_rcc.c:1354:10:HAL_RCC_GetHCLKFreq	16	static
stm32h7rsxx_hal_rcc.c:218:19:HAL_RCC_DeInit	16	static
stm32h7rsxx_hal_rcc.c:1377:10:HAL_RCC_GetPCLK1Freq	8	static
stm32h7rsxx_hal_rcc.c:1398:10:HAL_RCC_GetPCLK2Freq	8	static
stm32h7rsxx_hal_rcc.c:1419:10:HAL_RCC_GetPCLK4Freq	8	static
stm32h7rsxx_hal_rcc.c:1440:10:HAL_RCC_GetPCLK5Freq	8	static
stm32h7rsxx_hal_rcc.c:1459:10:HAL_RCC_GetPLL1PFreq	8	static
stm32h7rsxx_hal_rcc.c:1474:10:HAL_RCC_GetPLL1QFreq	8	static
stm32h7rsxx_hal_rcc.c:1489:10:HAL_RCC_GetPLL1RFreq	8	static
stm32h7rsxx_hal_rcc.c:1504:10:HAL_RCC_GetPLL1SFreq	8	static
stm32h7rsxx_hal_rcc.c:1519:10:HAL_RCC_GetPLL2PFreq	8	static
stm32h7rsxx_hal_rcc.c:1534:10:HAL_RCC_GetPLL2QFreq	8	static
stm32h7rsxx_hal_rcc.c:1549:10:HAL_RCC_GetPLL2RFreq	8	static
stm32h7rsxx_hal_rcc.c:1564:10:HAL_RCC_GetPLL2SFreq	8	static
stm32h7rsxx_hal_rcc.c:1579:10:HAL_RCC_GetPLL2TFreq	8	static
stm32h7rsxx_hal_rcc.c:1594:10:HAL_RCC_GetPLL3PFreq	8	static
stm32h7rsxx_hal_rcc.c:1609:10:HAL_RCC_GetPLL3QFreq	8	static
stm32h7rsxx_hal_rcc.c:1624:10:HAL_RCC_GetPLL3RFreq	8	static
stm32h7rsxx_hal_rcc.c:1639:10:HAL_RCC_GetPLL3SFreq	8	static
stm32h7rsxx_hal_rcc.c:1657:6:HAL_RCC_GetOscConfig	0	static
stm32h7rsxx_hal_rcc.c:1831:6:HAL_RCC_GetClockConfig	0	static
stm32h7rsxx_hal_rcc.c:1885:13:HAL_RCC_HSECSSCallback	0	static
stm32h7rsxx_hal_rcc.c:1868:6:HAL_RCC_NMI_IRQHandler	8	static
stm32h7rsxx_hal_rcc.c:1896:13:HAL_RCC_LSECSSCallback	0	static
stm32h7rsxx_hal_rcc.c:1909:10:HAL_RCC_GetResetSource	0	static
