stm32h7rsxx_hal_dma_ex.c:4040:17:DMA_List_CheckNodesBaseAddresses	8	static
stm32h7rsxx_hal_dma_ex.c:4083:17:DMA_List_CheckNodesTypes	0	static
stm32h7rsxx_hal_dma_ex.c:4184:17:DMA_List_FindNode	28	static
stm32h7rsxx_hal_dma_ex.c:4500:13:DMA_List_UpdateDynamicQueueNodesCLLR	32	static
stm32h7rsxx_hal_dma_ex.c:4576:13:DMA_List_UpdateStaticQueueNodesCLLR	24	static
stm32h7rsxx_hal_dma_ex.c:608:19:HAL_DMAEx_List_Init	16	static
stm32h7rsxx_hal_dma_ex.c:677:19:HAL_DMAEx_List_DeInit	16	static
stm32h7rsxx_hal_dma_ex.c:801:19:HAL_DMAEx_List_Start	8	static
stm32h7rsxx_hal_dma_ex.c:863:19:HAL_DMAEx_List_Start_IT	8	static
stm32h7rsxx_hal_dma_ex.c:1031:19:HAL_DMAEx_List_BuildNode	20	static
stm32h7rsxx_hal_dma_ex.c:1100:19:HAL_DMAEx_List_GetNodeConfig	8	static
stm32h7rsxx_hal_dma_ex.c:1124:19:HAL_DMAEx_List_InsertNode	56	static
stm32h7rsxx_hal_dma_ex.c:1254:19:HAL_DMAEx_List_InsertNode_Head	16	static
stm32h7rsxx_hal_dma_ex.c:1333:19:HAL_DMAEx_List_InsertNode_Tail	48	static
stm32h7rsxx_hal_dma_ex.c:1420:19:HAL_DMAEx_List_RemoveNode	56	static
stm32h7rsxx_hal_dma_ex.c:1561:19:HAL_DMAEx_List_RemoveNode_Head	40	static
stm32h7rsxx_hal_dma_ex.c:1658:19:HAL_DMAEx_List_RemoveNode_Tail	40	static
stm32h7rsxx_hal_dma_ex.c:1753:19:HAL_DMAEx_List_ReplaceNode	56	static
stm32h7rsxx_hal_dma_ex.c:1916:19:HAL_DMAEx_List_ReplaceNode_Head	48	static
stm32h7rsxx_hal_dma_ex.c:2013:19:HAL_DMAEx_List_ReplaceNode_Tail	48	static
stm32h7rsxx_hal_dma_ex.c:2104:19:HAL_DMAEx_List_ResetQ	28	static
stm32h7rsxx_hal_dma_ex.c:2176:19:HAL_DMAEx_List_InsertQ	72	static
stm32h7rsxx_hal_dma_ex.c:2384:19:HAL_DMAEx_List_InsertQ_Head	72	static
stm32h7rsxx_hal_dma_ex.c:2521:19:HAL_DMAEx_List_InsertQ_Tail	72	static
stm32h7rsxx_hal_dma_ex.c:2657:19:HAL_DMAEx_List_SetCircularModeConfig	56	static
stm32h7rsxx_hal_dma_ex.c:2752:19:HAL_DMAEx_List_SetCircularMode	48	static
stm32h7rsxx_hal_dma_ex.c:2835:19:HAL_DMAEx_List_ClearCircularMode	40	static
stm32h7rsxx_hal_dma_ex.c:2906:19:HAL_DMAEx_List_ConvertQToDynamic	136	static
stm32h7rsxx_hal_dma_ex.c:3008:19:HAL_DMAEx_List_ConvertQToStatic	128	static
stm32h7rsxx_hal_dma_ex.c:3085:19:HAL_DMAEx_List_LinkQ	0	static
stm32h7rsxx_hal_dma_ex.c:3166:19:HAL_DMAEx_List_UnLinkQ	0	static
stm32h7rsxx_hal_dma_ex.c:3235:19:HAL_DMAEx_ConfigDataHandling	0	static
stm32h7rsxx_hal_dma_ex.c:3275:19:HAL_DMAEx_ConfigTrigger	8	static
stm32h7rsxx_hal_dma_ex.c:3320:19:HAL_DMAEx_ConfigRepeatBlock	8	static
stm32h7rsxx_hal_dma_ex.c:3459:19:HAL_DMAEx_Suspend	16	static
stm32h7rsxx_hal_dma_ex.c:3518:19:HAL_DMAEx_Suspend_IT	0	static
stm32h7rsxx_hal_dma_ex.c:3552:19:HAL_DMAEx_Resume	0	static
stm32h7rsxx_hal_dma_ex.c:3613:10:HAL_DMAEx_GetFifoLevel	0	static
