stm32h7rsxx_hal_cortex.c:163:6:HAL_NVIC_SetPriorityGrouping	0	static
stm32h7rsxx_hal_cortex.c:186:6:HAL_NVIC_SetPriority	16	static
stm32h7rsxx_hal_cortex.c:209:6:HAL_NVIC_EnableIRQ	0	static
stm32h7rsxx_hal_cortex.c:226:6:HAL_NVIC_DisableIRQ	0	static
stm32h7rsxx_hal_cortex.c:239:6:HAL_NVIC_SystemReset	0	static
stm32h7rsxx_hal_cortex.c:252:10:HAL_SYSTICK_Config	0	static
stm32h7rsxx_hal_cortex.c:280:10:HAL_NVIC_GetPriorityGrouping	0	static
stm32h7rsxx_hal_cortex.c:308:6:HAL_NVIC_GetPriority	16	static
stm32h7rsxx_hal_cortex.c:326:6:HAL_NVIC_SetPendingIRQ	0	static
stm32h7rsxx_hal_cortex.c:345:10:HAL_NVIC_GetPendingIRQ	0	static
stm32h7rsxx_hal_cortex.c:362:6:HAL_NVIC_ClearPendingIRQ	0	static
stm32h7rsxx_hal_cortex.c:380:10:HAL_NVIC_GetActive	0	static
stm32h7rsxx_hal_cortex.c:394:6:HAL_SYSTICK_CLKSourceConfig	0	static
stm32h7rsxx_hal_cortex.c:415:13:HAL_SYSTICK_Callback	0	static
stm32h7rsxx_hal_cortex.c:406:6:HAL_SYSTICK_IRQHandler	8	static
stm32h7rsxx_hal_cortex.c:433:6:HAL_MPU_Enable	0	static
stm32h7rsxx_hal_cortex.c:453:6:HAL_MPU_Disable	0	static
stm32h7rsxx_hal_cortex.c:473:6:HAL_MPU_EnableRegion	0	static
stm32h7rsxx_hal_cortex.c:489:6:HAL_MPU_DisableRegion	0	static
stm32h7rsxx_hal_cortex.c:508:6:HAL_MPU_ConfigRegion	0	static
stm32h7rsxx_hal_cortex.c:549:6:HAL_CORTEX_ClearEvent	0	static
