stm32h7rsxx_hal_flash_ex.c:302:19:HAL_FLASHEx_OBProgram	24	static
stm32h7rsxx_hal_flash_ex.c:374:6:HAL_FLASHEx_OBGetConfig	0	static
stm32h7rsxx_hal_flash_ex.c:424:19:HAL_FLASHEx_OTPLockConfig	16	static
stm32h7rsxx_hal_flash_ex.c:472:10:HAL_FLASHEx_GetOTPLock	0	static
stm32h7rsxx_hal_flash_ex.c:489:19:HAL_FLASHEx_KeyConfig	24	static
stm32h7rsxx_hal_flash_ex.c:574:19:HAL_FLASHEx_GetKey	24	static
stm32h7rsxx_hal_flash_ex.c:636:19:HAL_FLASHEx_ComputeCRC	24	static
stm32h7rsxx_hal_flash_ex.c:735:6:HAL_FLASHEx_EnableEccCorrectionInterrupt	0	static
stm32h7rsxx_hal_flash_ex.c:744:6:HAL_FLASHEx_DisableEccCorrectionInterrupt	0	static
stm32h7rsxx_hal_flash_ex.c:753:6:HAL_FLASHEx_EnableEccDetectionInterrupt	0	static
stm32h7rsxx_hal_flash_ex.c:762:6:HAL_FLASHEx_DisableEccDetectionInterrupt	0	static
stm32h7rsxx_hal_flash_ex.c:775:6:HAL_FLASHEx_GetEccInfo	0	static
stm32h7rsxx_hal_flash_ex.c:836:13:HAL_FLASHEx_EccCorrectionCallback	0	static
stm32h7rsxx_hal_flash_ex.c:847:13:HAL_FLASHEx_EccDetectionCallback	0	static
stm32h7rsxx_hal_flash_ex.c:819:6:HAL_FLASHEx_ECCD_IRQHandler	8	static
stm32h7rsxx_hal_flash_ex.c:883:6:FLASH_SectorErase	0	static
stm32h7rsxx_hal_flash_ex.c:175:19:HAL_FLASHEx_Erase	24	static
stm32h7rsxx_hal_flash_ex.c:241:19:HAL_FLASHEx_Erase_IT	16	static
