stm32h7rsxx_hal_rcc_ex.c:3184:17:RCC_GetCLKPFreq	0	static
stm32h7rsxx_hal_rcc_ex.c:105:19:HAL_RCCEx_PeriphCLKConfig	24	static
stm32h7rsxx_hal_rcc_ex.c:1404:6:HAL_RCCEx_GetPeriphCLKConfig	0	static
stm32h7rsxx_hal_rcc_ex.c:1530:10:HAL_RCCEx_GetPeriphCLKFreq	8	static
stm32h7rsxx_hal_rcc_ex.c:2681:6:HAL_RCCEx_EnableClockProtection	0	static
stm32h7rsxx_hal_rcc_ex.c:2697:6:HAL_RCCEx_DisableClockProtection	0	static
stm32h7rsxx_hal_rcc_ex.c:2721:6:HAL_RCCEx_EnableLSECSS	0	static
stm32h7rsxx_hal_rcc_ex.c:2732:6:HAL_RCCEx_DisableLSECSS	0	static
stm32h7rsxx_hal_rcc_ex.c:2744:6:HAL_RCCEx_EnableLSECSS_IT	0	static
stm32h7rsxx_hal_rcc_ex.c:2767:6:HAL_RCCEx_WakeUpStopCLKConfig	0	static
stm32h7rsxx_hal_rcc_ex.c:2782:6:HAL_RCCEx_KerWakeUpStopCLKConfig	0	static
stm32h7rsxx_hal_rcc_ex.c:2810:13:HAL_RCCEx_LSECSS_Callback	0	static
stm32h7rsxx_hal_rcc_ex.c:2793:6:HAL_RCCEx_LSECSS_IRQHandler	8	static
stm32h7rsxx_hal_rcc_ex.c:2890:6:HAL_RCCEx_CRSConfig	0	static
stm32h7rsxx_hal_rcc_ex.c:2932:6:HAL_RCCEx_CRSSoftwareSynchronizationGenerate	0	static
stm32h7rsxx_hal_rcc_ex.c:2942:6:HAL_RCCEx_CRSGetSynchronizationInfo	0	static
stm32h7rsxx_hal_rcc_ex.c:2975:10:HAL_RCCEx_CRSWaitSynchronization	24	static
stm32h7rsxx_hal_rcc_ex.c:3123:13:HAL_RCCEx_CRS_SyncOkCallback	0	static
stm32h7rsxx_hal_rcc_ex.c:3134:13:HAL_RCCEx_CRS_SyncWarnCallback	0	static
stm32h7rsxx_hal_rcc_ex.c:3145:13:HAL_RCCEx_CRS_ExpectedSyncCallback	0	static
stm32h7rsxx_hal_rcc_ex.c:3161:13:HAL_RCCEx_CRS_ErrorCallback	0	static
stm32h7rsxx_hal_rcc_ex.c:3058:6:HAL_RCCEx_CRS_IRQHandler	8	static
