stm32h7rsxx_hal.c:233:13:HAL_MspInit	0	static
stm32h7rsxx_hal.c:244:13:HAL_MspDeInit	0	static
stm32h7rsxx_hal.c:192:19:HAL_DeInit	8	static
stm32h7rsxx_hal.c:267:26:HAL_InitTick	16	static
stm32h7rsxx_hal.c:165:19:HAL_Init	8	static
stm32h7rsxx_hal.c:335:13:HAL_IncTick	0	static
stm32h7rsxx_hal.c:346:17:HAL_GetTick	0	static
stm32h7rsxx_hal.c:355:10:HAL_GetTickPrio	0	static
stm32h7rsxx_hal.c:365:19:HAL_SetTickFreq	16	static
stm32h7rsxx_hal.c:395:21:HAL_GetTickFreq	0	static
stm32h7rsxx_hal.c:411:13:HAL_Delay	16	static
stm32h7rsxx_hal.c:437:13:HAL_SuspendTick	0	static
stm32h7rsxx_hal.c:453:13:HAL_ResumeTick	0	static
stm32h7rsxx_hal.c:463:10:HAL_GetHalVersion	0	static
stm32h7rsxx_hal.c:472:10:HAL_GetREVID	0	static
stm32h7rsxx_hal.c:481:10:HAL_GetDEVID	0	static
stm32h7rsxx_hal.c:494:10:HAL_GetUIDw0	0	static
stm32h7rsxx_hal.c:507:10:HAL_GetUIDw1	0	static
stm32h7rsxx_hal.c:520:10:HAL_GetUIDw2	0	static
stm32h7rsxx_hal.c:548:6:HAL_DBGMCU_EnableDBGSleepMode	0	static
stm32h7rsxx_hal.c:557:6:HAL_DBGMCU_DisableDBGSleepMode	0	static
stm32h7rsxx_hal.c:566:6:HAL_DBGMCU_EnableDBGStopMode	0	static
stm32h7rsxx_hal.c:575:6:HAL_DBGMCU_DisableDBGStopMode	0	static
stm32h7rsxx_hal.c:584:6:HAL_DBGMCU_EnableDBGStandbyMode	0	static
stm32h7rsxx_hal.c:593:6:HAL_DBGMCU_DisableDBGStandbyMode	0	static
stm32h7rsxx_hal.c:625:10:HAL_SBS_GetBootAddress	0	static
stm32h7rsxx_hal.c:634:6:HAL_SBS_IncrementHDPLValue	0	static
stm32h7rsxx_hal.c:644:10:HAL_SBS_GetHDPLValue	0	static
stm32h7rsxx_hal.c:654:6:HAL_SBS_OpenAccessPort	0	static
stm32h7rsxx_hal.c:664:6:HAL_SBS_OpenDebug	0	static
stm32h7rsxx_hal.c:677:19:HAL_SBS_ConfigDebugLevel	0	static
stm32h7rsxx_hal.c:699:10:HAL_SBS_GetDebugLevel	0	static
stm32h7rsxx_hal.c:709:6:HAL_SBS_UnlockDebugConfig	0	static
stm32h7rsxx_hal.c:719:6:HAL_SBS_LockDebugConfig	0	static
stm32h7rsxx_hal.c:730:6:HAL_SBS_ConfigRSSCommand	0	static
stm32h7rsxx_hal.c:739:10:HAL_SBS_GetRSSCommand	0	static
stm32h7rsxx_hal.c:749:6:HAL_SBS_EnableIOAnalogBooster	0	static
stm32h7rsxx_hal.c:758:6:HAL_SBS_DisableIOAnalogBooster	0	static
stm32h7rsxx_hal.c:768:6:HAL_SBS_EnableIOAnalogSwitchVdd	0	static
stm32h7rsxx_hal.c:777:6:HAL_SBS_DisableIOAnalogSwitchVdd	0	static
stm32h7rsxx_hal.c:790:6:HAL_SBS_ConfigEthernetPHY	0	static
stm32h7rsxx_hal.c:806:6:HAL_SBS_ConfigAXISRAMWaitState	0	static
stm32h7rsxx_hal.c:823:6:HAL_SBS_EnableCompensationCell	0	static
stm32h7rsxx_hal.c:840:6:HAL_SBS_DisableCompensationCell	0	static
stm32h7rsxx_hal.c:857:10:HAL_SBS_GetCompensationCellReadyStatus	0	static
stm32h7rsxx_hal.c:882:6:HAL_SBS_ConfigCompensationCell	20	static
stm32h7rsxx_hal.c:919:19:HAL_SBS_GetCompensationCell	12	static
stm32h7rsxx_hal.c:951:6:HAL_SBS_EnableIOSpeedOptimize	0	static
stm32h7rsxx_hal.c:968:6:HAL_SBS_DisableIOSpeedOptimize	0	static
stm32h7rsxx_hal.c:991:6:HAL_SBS_ConfigTimerBreakInput	0	static
stm32h7rsxx_hal.c:1013:10:HAL_SBS_GetTimerBreakInputConfig	0	static
stm32h7rsxx_hal.c:1038:6:HAL_SBS_EXTIConfig	8	static
stm32h7rsxx_hal.c:1072:10:HAL_SBS_GetEXTIConfig	0	static
stm32h7rsxx_hal.c:1121:6:HAL_VREFBUF_VoltageScalingConfig	0	static
stm32h7rsxx_hal.c:1137:6:HAL_VREFBUF_HighImpedanceConfig	0	static
stm32h7rsxx_hal.c:1149:6:HAL_VREFBUF_TrimmingConfig	0	static
stm32h7rsxx_hal.c:1161:19:HAL_VREFBUF_Enable	16	static
stm32h7rsxx_hal.c:1187:6:HAL_VREFBUF_Disable	0	static
stm32h7rsxx_hal.c:1218:6:HAL_AXIM_ASIB_EnablePacking	0	static
stm32h7rsxx_hal.c:1237:6:HAL_AXIM_ASIB_DisablePacking	0	static
stm32h7rsxx_hal.c:1271:6:HAL_AXIM_ASIB_IssuingConfig	0	static
stm32h7rsxx_hal.c:1302:6:HAL_AXIM_ASIB_ReadQoSConfig	0	static
stm32h7rsxx_hal.c:1333:6:HAL_AXIM_ASIB_WriteQoSConfig	0	static
stm32h7rsxx_hal.c:1351:6:HAL_AXIM_AMIB_EnablePacking	0	static
stm32h7rsxx_hal.c:1369:6:HAL_AXIM_AMIB_DisablePacking	0	static
stm32h7rsxx_hal.c:1402:6:HAL_AXIM_AMIB_IssuingConfig	0	static
stm32h7rsxx_hal.c:1437:6:HAL_AXIM_AMIB_IssuingConfigBusMatrix	0	static
stm32h7rsxx_hal.c:1456:6:HAL_AXIM_AMIB_EnableLongBurst	0	static
stm32h7rsxx_hal.c:1473:6:HAL_AXIM_AMIB_DisableLongBurst	0	static
